Program {
   ModuleList [ (1:13)
      MAIN module multiplePatterns { (1:13)
         Pattern: $a + b$ [ (3:5)
            FunctionLit (4:29)
               input:
                  record( (4:5)
                     a: (4:6)
                     int (4:9)
                     b: (4:14)
                     int (4:17)
                  )
               output:
                  int (4:25)
               expression:
                  @addint (5:9)
                     ParsableExpressionList [ (5:17)
                        Variable a (5:17)
                        Variable b (5:20)
                     ]
                  lhs: Eventual.unfulfilled
                  rhs: Eventual.unfulfilled
            )
         ]
         Pattern: $a < b$ [ (8:5)
            FunctionLit (9:30)
               input:
                  record( (9:5)
                     a: (9:6)
                     int (9:9)
                     b: (9:14)
                     int (9:17)
                  )
               output:
                  bool (9:25)
               expression:
                  BoolLit false (10:9)
            )
         ]
         Pattern: $a and b$ [ (13:5)
            FunctionLit (14:32)
               input:
                  record( (14:5)
                     a: (14:6)
                     bool (14:9)
                     b: (14:15)
                     bool (14:18)
                  )
               output:
                  bool (14:27)
               statements:
                  StatementList [ (15:9)
                     Statement { (15:9)
                        @return (15:9)
                           ParsableExpressionList [ (15:17)
                              BoolLit false (15:17)
                           ]
                     }
                  ]
            )
         ]
         Statement { (18:5)
            PatternInvocation: $a and b$ (18:5)
               a:
                  PatternInvocation: $a < b$ (18:5)
                     a:
                        IntLit 5 (18:5)
                     b:
                        IntLit 6 (18:9)
               b:
                  PatternInvocation: $a < b$ (18:15)
                     a:
                        IntLit 10 (18:15)
                     b:
                        IntLit 4 (18:20)
         }
      }
   ]
}
