Program {
   ModuleList [ (1:8)
      module thing { (1:8)
         module stuff { (2:12)
         }
      }
      MAIN module foo uses thing { (5:13)
         PUBLIC module bar { (7:19)
         }
         module baz uses bar foo { (9:12)
            PUBLIC module foobarbaz { (11:23)
            }
         }
      }
   ]
}
