Program {
   ModuleList [ (1:13)
      main module Main { (1:13)
         ModuleList [] (null)
         StatementList [ (2:6)
            Statement { (2:6)
               @bind (2:6)
               ExpressionList [ (2:11)
                  IntLit 0 (2:11)
                  RecordLit ( (2:14)
                  )
               ]
            }
            Statement { (3:6)
               @bind (3:6)
               ExpressionList [ (3:11)
                  IntLit 1 (3:11)
                  RecordLit ( (3:14)
                     a: (3:15)
                     IntLit 4 (3:18)
                  )
               ]
            }
            Statement { (4:6)
               @bind (4:6)
               ExpressionList [ (4:11)
                  IntLit 2 (4:11)
                  RecordLit ( (4:14)
                     a: (4:15)
                     IntLit 4 (4:18)
                     b: (4:21)
                     IntLit 50 (4:24)
                  )
               ]
            }
            Statement { (5:6)
               @bind (5:6)
               ExpressionList [ (5:11)
                  IntLit 3 (5:11)
                  RecordLit ( (5:14)
                     ar: (5:15)
                     ArrayLit (5:19) [
                        ExpressionList [ (5:20)
                           IntLit 1 (5:20)
                           IntLit 2 (5:22)
                        ]
                     ]
                     rec: (5:26)
                     RecordLit ( (5:31)
                        a: (5:32)
                        StringLit hi (5:35)
                        b: (5:41)
                        IntLit 5 (5:44)
                     )
                  )
               ]
            }
            Statement { (6:6)
               @bind (6:6)
               ExpressionList [ (6:11)
                  IntLit 4 (6:11)
                  RecordLit ( (6:14)
                     text: (7:9)
                     StringLit this is a multiline record (7:15)
                     value: (8:9)
                     @addint (8:17)
                     ExpressionList [ (8:24)
                        IntLit 1 (8:24)
                        IntLit 2 (8:26)
                     ]
                  )
               ]
            }
         ]
      }
   ]
}
